2026-03-29 21:39:08,141 INFO __main__: Starting bot...
2026-03-29 21:39:08,568 INFO aiogram.dispatcher: Start polling
2026-03-29 21:39:08,569 INFO real_estate_scanner.parser.worker: Worker started (interval=40s)
2026-03-29 21:39:09,056 INFO aiogram.dispatcher: Run polling for bot @Makon_Realty_Bot id=8020777762 - 'Makon Realty'
2026-03-29 21:39:37,216 INFO __main__: start_handler: from_id=765191255 username=se_npa_i
2026-03-29 21:39:37,763 INFO aiogram.event: Update id=236453687 is handled. Duration 546 ms by bot id=8020777762
2026-03-29 21:39:40,066 INFO __main__: apartments_button: from_id=765191255
2026-03-29 21:39:41,307 INFO real_estate_scanner.parser.worker: Broadcast delivered to Telegram: user_id=765191255 olx_id=ID4hkZf
2026-03-29 21:39:41,314 INFO aiogram.event: Update id=236453688 is handled. Duration 1250 ms by bot id=8020777762
2026-03-29 21:40:31,670 INFO real_estate_scanner.parser.worker: Broadcast delivered to Telegram: user_id=765191255 olx_id=ID4ayNm
2026-03-29 21:41:17,097 INFO real_estate_scanner.parser.worker: Broadcast delivered to Telegram: user_id=765191255 olx_id=ID3SLTP
2026-03-29 21:41:59,217 INFO real_estate_scanner.parser.worker: Broadcast delivered to Telegram: user_id=765191255 olx_id=ID4j8Bx
2026-03-29 21:42:40,149 INFO real_estate_scanner.parser.worker: Broadcast delivered to Telegram: user_id=765191255 olx_id=ID4fvSm
2026-03-29 21:43:21,574 INFO real_estate_scanner.parser.worker: Broadcast delivered to Telegram: user_id=765191255 olx_id=ID3HGBa
2026-03-29 21:44:03,209 INFO real_estate_scanner.parser.worker: Broadcast delivered to Telegram: user_id=765191255 olx_id=ID4j763
2026-03-29 21:44:08,449 INFO __main__: commercial_button: from_id=765191255
2026-03-29 21:44:10,253 INFO real_estate_scanner.parser.worker: Broadcast delivered to Telegram: user_id=765191255 olx_id=ID3NigB
2026-03-29 21:44:10,257 INFO aiogram.event: Update id=236453689 is handled. Duration 1812 ms by bot id=8020777762
2026-03-29 21:44:17,969 INFO __main__: commercial_button: from_id=765191255
2026-03-29 21:44:18,166 INFO aiogram.event: Update id=236453690 is handled. Duration 202 ms by bot id=8020777762
2026-03-29 21:44:20,706 INFO aiogram.event: Update id=236453691 is handled. Duration 203 ms by bot id=8020777762
2026-03-29 21:44:23,051 INFO __main__: commercial_button: from_id=765191255
2026-03-29 21:44:25,014 INFO real_estate_scanner.parser.worker: Broadcast delivered to Telegram: user_id=765191255 olx_id=ID3GY4Q
2026-03-29 21:44:25,018 INFO aiogram.event: Update id=236453692 is handled. Duration 1968 ms by bot id=8020777762
2026-03-29 21:45:24,478 INFO real_estate_scanner.parser.worker: Broadcast delivered to Telegram: user_id=765191255 olx_id=ID4j7oN
2026-03-29 21:46:05,556 INFO real_estate_scanner.parser.worker: Broadcast delivered to Telegram: user_id=765191255 olx_id=ID4j7ny
2026-03-29 21:46:46,484 INFO real_estate_scanner.parser.worker: Broadcast delivered to Telegram: user_id=765191255 olx_id=ID3vJ2M
2026-03-29 21:47:28,628 INFO real_estate_scanner.parser.worker: Broadcast delivered to Telegram: user_id=765191255 olx_id=ID4j6Zu
2026-03-29 21:48:09,683 INFO real_estate_scanner.parser.worker: Broadcast delivered to Telegram: user_id=765191255 olx_id=ID4frA0
2026-03-29 21:48:52,506 INFO real_estate_scanner.parser.worker: Broadcast delivered to Telegram: user_id=765191255 olx_id=ID4j6RP
2026-03-29 21:49:35,095 INFO real_estate_scanner.parser.worker: Broadcast delivered to Telegram: user_id=765191255 olx_id=ID4j6kt
2026-03-29 21:50:18,524 INFO real_estate_scanner.parser.worker: Broadcast delivered to Telegram: user_id=765191255 olx_id=ID4j6nw
2026-03-29 21:51:00,442 INFO real_estate_scanner.parser.worker: Broadcast delivered to Telegram: user_id=765191255 olx_id=ID4j6o1
2026-03-29 21:51:42,068 INFO real_estate_scanner.parser.worker: Broadcast delivered to Telegram: user_id=765191255 olx_id=ID4j6nZ
2026-03-29 21:52:23,834 INFO real_estate_scanner.parser.worker: Broadcast delivered to Telegram: user_id=765191255 olx_id=ID4j6nB
2026-03-29 21:53:04,954 INFO real_estate_scanner.parser.worker: Broadcast delivered to Telegram: user_id=765191255 olx_id=ID4j6bW
2026-03-29 21:53:46,070 INFO real_estate_scanner.parser.worker: Broadcast delivered to Telegram: user_id=765191255 olx_id=ID4j6dd
2026-03-29 21:54:27,502 INFO real_estate_scanner.parser.worker: Broadcast delivered to Telegram: user_id=765191255 olx_id=ID4j6fb
2026-03-29 21:55:08,754 INFO real_estate_scanner.parser.worker: Broadcast delivered to Telegram: user_id=765191255 olx_id=ID4j6d0
2026-03-29 21:55:50,052 INFO real_estate_scanner.parser.worker: Broadcast delivered to Telegram: user_id=765191255 olx_id=ID4j6fn
2026-03-29 21:56:31,355 INFO real_estate_scanner.parser.worker: Broadcast delivered to Telegram: user_id=765191255 olx_id=ID4j6iF
2026-03-29 21:56:38,292 INFO __main__: commercial_button: from_id=765191255
2026-03-29 21:56:38,489 INFO aiogram.event: Update id=236453693 is handled. Duration 187 ms by bot id=8020777762
2026-03-29 21:57:02,888 INFO aiogram.event: Update id=236453694 is handled. Duration 187 ms by bot id=8020777762
2026-03-29 21:57:04,260 INFO __main__: commercial_button: from_id=765191255
2026-03-29 21:57:05,394 INFO real_estate_scanner.parser.worker: Broadcast delivered to Telegram: user_id=765191255 olx_id=ID4j6h7
2026-03-29 21:57:05,399 INFO aiogram.event: Update id=236453695 is handled. Duration 1141 ms by bot id=8020777762
2026-03-29 21:57:53,929 INFO real_estate_scanner.parser.worker: Broadcast delivered to Telegram: user_id=765191255 olx_id=ID4j4VR
2026-03-29 21:58:35,215 INFO real_estate_scanner.parser.worker: Broadcast delivered to Telegram: user_id=765191255 olx_id=ID4j4SQ
2026-03-29 21:59:16,761 INFO real_estate_scanner.parser.worker: Broadcast delivered to Telegram: user_id=765191255 olx_id=ID4e3YB
2026-03-29 21:59:59,397 INFO real_estate_scanner.parser.worker: Broadcast delivered to Telegram: user_id=765191255 olx_id=ID3Vxx2
2026-03-29 22:00:40,684 INFO real_estate_scanner.parser.worker: Broadcast delivered to Telegram: user_id=765191255 olx_id=ID4j7Aa
2026-03-29 22:01:22,014 INFO real_estate_scanner.parser.worker: Broadcast delivered to Telegram: user_id=765191255 olx_id=ID4j5Yf
2026-03-29 22:02:04,190 INFO real_estate_scanner.parser.worker: Broadcast delivered to Telegram: user_id=765191255 olx_id=ID4j8WG
2026-03-29 22:02:45,587 INFO real_estate_scanner.parser.worker: Broadcast delivered to Telegram: user_id=765191255 olx_id=ID3uOsd
2026-03-29 22:03:06,935 INFO aiogram.event: Update id=236453696 is handled. Duration 188 ms by bot id=8020777762
2026-03-29 22:03:11,891 INFO __main__: start_handler: from_id=765191255 username=se_npa_i
2026-03-29 22:03:12,105 INFO aiogram.event: Update id=236453697 is handled. Duration 218 ms by bot id=8020777762
2026-03-29 22:03:13,662 INFO __main__: commercial_button: from_id=765191255
2026-03-29 22:03:14,913 INFO real_estate_scanner.parser.worker: Broadcast delivered to Telegram: user_id=765191255 olx_id=ID3dxLx
2026-03-29 22:03:14,918 INFO aiogram.event: Update id=236453698 is handled. Duration 1264 ms by bot id=8020777762
2026-03-29 22:04:08,133 INFO real_estate_scanner.parser.worker: Broadcast delivered to Telegram: user_id=765191255 olx_id=ID4aJWY
2026-03-29 22:04:51,482 INFO real_estate_scanner.parser.worker: Broadcast delivered to Telegram: user_id=765191255 olx_id=ID3UuIP
2026-03-29 22:05:32,614 INFO real_estate_scanner.parser.worker: Broadcast delivered to Telegram: user_id=765191255 olx_id=ID3HEyG
2026-03-29 22:06:13,807 INFO real_estate_scanner.parser.worker: Broadcast delivered to Telegram: user_id=765191255 olx_id=ID4fat8
2026-03-29 22:06:55,131 INFO real_estate_scanner.parser.worker: Broadcast delivered to Telegram: user_id=765191255 olx_id=ID3Yyo7
2026-03-29 22:07:37,243 INFO real_estate_scanner.parser.worker: Broadcast delivered to Telegram: user_id=765191255 olx_id=ID4j8ne
2026-03-29 22:08:18,377 INFO real_estate_scanner.parser.worker: Broadcast delivered to Telegram: user_id=765191255 olx_id=ID4j8cq
2026-03-29 22:08:58,941 INFO real_estate_scanner.parser.worker: Broadcast delivered to Telegram: user_id=765191255 olx_id=ID35m05
2026-03-29 22:09:41,543 INFO real_estate_scanner.parser.worker: Broadcast delivered to Telegram: user_id=765191255 olx_id=ID4j7UR
2026-03-29 22:09:51,145 INFO aiogram.dispatcher: Polling stopped
2026-03-29 22:09:51,145 ERROR aiogram.dispatcher: Failed to fetch updates - TelegramNetworkError: HTTP Client says - ServerDisconnectedError: Server disconnected
2026-03-29 22:09:51,146 WARNING aiogram.dispatcher: Sleep for 1.000000 seconds and try again... (tryings = 0, bot id = 8020777762)
2026-03-29 22:09:51,411 INFO aiogram.dispatcher: Polling stopped for bot @Makon_Realty_Bot id=8020777762 - 'Makon Realty'
2026-03-29 22:12:52,424 INFO __main__: Starting bot...
2026-03-29 22:12:52,742 INFO aiogram.dispatcher: Start polling
2026-03-29 22:12:52,742 INFO real_estate_scanner.parser.worker: Worker started (interval=40s)
2026-03-29 22:12:52,799 INFO real_estate_scanner.parser.worker: [CLEANUP] Deleted 123 ads older than 30 days from DB.
2026-03-29 22:12:53,282 INFO aiogram.dispatcher: Run polling for bot @Makon_Realty_Bot id=8020777762 - 'Makon Realty'
2026-03-29 22:12:54,940 INFO real_estate_scanner.parser.worker: Broadcast delivered to Telegram: user_id=765191255 olx_id=ID4jcBw
2026-03-29 22:13:01,551 INFO __main__: start_handler: from_id=765191255 username=se_npa_i
2026-03-29 22:13:01,783 INFO aiogram.event: Update id=236453699 is handled. Duration 235 ms by bot id=8020777762
2026-03-29 22:13:04,619 INFO __main__: commercial_button: from_id=765191255
2026-03-29 22:13:04,808 INFO aiogram.event: Update id=236453700 is handled. Duration 188 ms by bot id=8020777762
2026-03-29 22:13:14,724 INFO real_estate_scanner.parser.worker: Broadcast delivered to Telegram: user_id=765191255 olx_id=ID4hq3m
2026-03-29 22:13:14,730 INFO aiogram.event: Update id=236453701 is handled. Duration 2281 ms by bot id=8020777762
2026-03-29 22:14:17,161 INFO real_estate_scanner.parser.worker: Broadcast delivered to Telegram: user_id=765191255 olx_id=ID4jcnR
2026-03-29 22:14:57,663 INFO real_estate_scanner.parser.worker: Broadcast delivered to Telegram: user_id=765191255 olx_id=ID4jbFz
2026-03-29 22:15:38,218 INFO real_estate_scanner.parser.worker: Broadcast delivered to Telegram: user_id=765191255 olx_id=ID4ftIq
2026-03-29 22:16:25,531 INFO real_estate_scanner.parser.worker: Broadcast delivered to Telegram: user_id=765191255 olx_id=ID3zmFw
2026-03-29 22:17:06,005 INFO real_estate_scanner.parser.worker: Broadcast delivered to Telegram: user_id=765191255 olx_id=ID3AuVU
2026-03-29 22:17:23,856 INFO aiogram.dispatcher: Polling stopped
2026-03-29 22:17:23,858 ERROR aiogram.dispatcher: Failed to fetch updates - TelegramNetworkError: HTTP Client says - ServerDisconnectedError: Server disconnected
2026-03-29 22:17:23,858 WARNING aiogram.dispatcher: Sleep for 1.000000 seconds and try again... (tryings = 0, bot id = 8020777762)
2026-03-29 22:17:24,117 INFO aiogram.dispatcher: Polling stopped for bot @Makon_Realty_Bot id=8020777762 - 'Makon Realty'
2026-03-29 22:41:30,303 INFO __main__: Starting bot...
2026-03-29 22:41:30,714 INFO aiogram.dispatcher: Start polling
2026-03-29 22:41:30,715 INFO real_estate_scanner.parser.worker: Worker started (interval=40s)
2026-03-29 22:41:31,371 INFO aiogram.dispatcher: Run polling for bot @Makon_Realty_Bot id=8020777762 - 'Makon Realty'
2026-03-29 22:41:31,622 INFO real_estate_scanner.parser.worker: Broadcast delivered to Telegram: user_id=765191255 olx_id=ID496eZ
2026-03-29 22:41:42,914 INFO __main__: start_handler: from_id=765191255 username=se_npa_i
2026-03-29 22:41:43,112 INFO aiogram.event: Update id=236453702 is handled. Duration 187 ms by bot id=8020777762
2026-03-29 22:41:45,200 INFO __main__: commercial_button: from_id=765191255
2026-03-29 22:41:45,413 INFO aiogram.event: Update id=236453703 is handled. Duration 218 ms by bot id=8020777762
2026-03-29 22:41:54,245 INFO real_estate_scanner.parser.worker: Broadcast delivered to Telegram: user_id=765191255 olx_id=ID4hip5
2026-03-29 22:41:54,250 INFO aiogram.event: Update id=236453704 is handled. Duration 750 ms by bot id=8020777762
2026-03-29 22:42:52,090 INFO real_estate_scanner.parser.worker: Broadcast delivered to Telegram: user_id=765191255 olx_id=ID3BmTn
2026-03-29 22:43:01,085 INFO real_estate_scanner.parser.worker: Broadcast delivered to Telegram: user_id=765191255 olx_id=ID4jcBw
2026-03-29 22:43:01,088 INFO aiogram.event: Update id=236453705 is handled. Duration 781 ms by bot id=8020777762
2026-03-29 22:43:06,246 INFO __main__: apartments_button: from_id=765191255
2026-03-29 22:43:06,461 INFO aiogram.event: Update id=236453706 is handled. Duration 219 ms by bot id=8020777762
2026-03-29 22:43:11,797 INFO __main__: commercial_button: from_id=765191255
2026-03-29 22:43:12,000 INFO aiogram.event: Update id=236453707 is handled. Duration 202 ms by bot id=8020777762
2026-03-29 22:43:16,240 INFO __main__: commercial_button: from_id=765191255
2026-03-29 22:43:16,441 INFO aiogram.event: Update id=236453708 is handled. Duration 203 ms by bot id=8020777762
2026-03-29 22:43:20,239 INFO real_estate_scanner.parser.worker: Broadcast delivered to Telegram: user_id=765191255 olx_id=ID4hq3m
2026-03-29 22:43:20,243 INFO aiogram.event: Update id=236453709 is handled. Duration 921 ms by bot id=8020777762
2026-03-29 22:43:21,815 INFO __main__: apartments_button: from_id=765191255
2026-03-29 22:43:22,032 INFO aiogram.event: Update id=236453710 is handled. Duration 218 ms by bot id=8020777762
2026-03-29 22:43:23,577 INFO __main__: apartments_button: from_id=765191255
2026-03-29 22:43:23,768 INFO aiogram.event: Update id=236453711 is handled. Duration 187 ms by bot id=8020777762
2026-03-29 22:43:24,908 INFO __main__: apartments_button: from_id=765191255
2026-03-29 22:43:25,252 INFO aiogram.event: Update id=236453712 is handled. Duration 342 ms by bot id=8020777762
2026-03-29 22:43:26,433 INFO __main__: commercial_button: from_id=765191255
2026-03-29 22:43:26,625 INFO aiogram.event: Update id=236453713 is handled. Duration 186 ms by bot id=8020777762
2026-03-29 22:43:28,790 INFO real_estate_scanner.parser.worker: Broadcast delivered to Telegram: user_id=765191255 olx_id=ID4jcnR
2026-03-29 22:43:28,794 INFO aiogram.event: Update id=236453714 is handled. Duration 952 ms by bot id=8020777762
2026-03-29 22:43:30,202 INFO __main__: apartments_button: from_id=765191255
2026-03-29 22:43:30,411 INFO aiogram.event: Update id=236453715 is handled. Duration 203 ms by bot id=8020777762
2026-03-29 22:46:35,270 INFO __main__: commercial_button: from_id=765191255
2026-03-29 22:46:35,468 INFO aiogram.event: Update id=236453716 is handled. Duration 203 ms by bot id=8020777762
2026-03-29 22:46:40,881 INFO real_estate_scanner.parser.worker: Broadcast delivered to Telegram: user_id=765191255 olx_id=ID4jbFz
2026-03-29 22:46:40,886 INFO aiogram.event: Update id=236453717 is handled. Duration 718 ms by bot id=8020777762
2026-03-29 22:46:43,250 INFO __main__: commercial_button: from_id=765191255
2026-03-29 22:46:43,443 INFO aiogram.event: Update id=236453718 is handled. Duration 203 ms by bot id=8020777762
2026-03-29 22:46:45,393 INFO __main__: commercial_button: from_id=765191255
2026-03-29 22:46:45,615 INFO aiogram.event: Update id=236453719 is handled. Duration 233 ms by bot id=8020777762
2026-03-29 22:48:02,653 INFO aiogram.dispatcher: Polling stopped
2026-03-29 22:48:02,654 ERROR aiogram.dispatcher: Failed to fetch updates - TelegramNetworkError: HTTP Client says - ServerDisconnectedError: Server disconnected
2026-03-29 22:48:02,654 WARNING aiogram.dispatcher: Sleep for 1.000000 seconds and try again... (tryings = 0, bot id = 8020777762)
2026-03-29 22:48:02,917 INFO aiogram.dispatcher: Polling stopped for bot @Makon_Realty_Bot id=8020777762 - 'Makon Realty'
2026-03-29 22:48:06,131 INFO __main__: Starting bot...
2026-03-29 22:48:06,445 INFO aiogram.dispatcher: Start polling
2026-03-29 22:48:06,445 INFO real_estate_scanner.parser.worker: Worker started (interval=40s)
2026-03-29 22:48:06,949 INFO aiogram.dispatcher: Run polling for bot @Makon_Realty_Bot id=8020777762 - 'Makon Realty'
2026-03-29 22:48:15,775 INFO __main__: start_handler: from_id=765191255 username=se_npa_i
2026-03-29 22:48:16,327 INFO aiogram.event: Update id=236453720 is handled. Duration 546 ms by bot id=8020777762
2026-03-29 22:48:17,824 INFO __main__: commercial_button: from_id=765191255
2026-03-29 22:48:18,241 INFO aiogram.event: Update id=236453721 is handled. Duration 421 ms by bot id=8020777762
2026-03-29 22:50:20,162 INFO __main__: commercial_button: from_id=765191255
2026-03-29 22:50:20,371 INFO aiogram.event: Update id=236453722 is handled. Duration 202 ms by bot id=8020777762
2026-03-29 22:50:24,121 INFO __main__: commercial_button: from_id=765191255
2026-03-29 22:50:24,318 INFO aiogram.event: Update id=236453723 is handled. Duration 203 ms by bot id=8020777762
2026-03-29 22:50:26,894 INFO aiogram.dispatcher: Polling stopped
2026-03-29 22:50:26,895 ERROR aiogram.dispatcher: Failed to fetch updates - TelegramNetworkError: HTTP Client says - ServerDisconnectedError: Server disconnected
2026-03-29 22:50:26,895 WARNING aiogram.dispatcher: Sleep for 1.000000 seconds and try again... (tryings = 0, bot id = 8020777762)
2026-03-29 22:50:27,158 INFO aiogram.dispatcher: Polling stopped for bot @Makon_Realty_Bot id=8020777762 - 'Makon Realty'
2026-03-29 22:50:31,715 INFO __main__: Starting bot...
2026-03-29 22:50:32,035 INFO aiogram.dispatcher: Start polling
2026-03-29 22:50:32,035 INFO real_estate_scanner.parser.worker: Worker started (interval=40s)
2026-03-29 22:50:32,525 INFO aiogram.dispatcher: Run polling for bot @Makon_Realty_Bot id=8020777762 - 'Makon Realty'
2026-03-29 22:50:36,008 INFO real_estate_scanner.parser.worker: Broadcast delivered to Telegram: user_id=765191255 olx_id=ID4ftIq
2026-03-29 22:50:36,012 INFO aiogram.event: Update id=236453724 is handled. Duration 1125 ms by bot id=8020777762
2026-03-29 22:50:40,354 INFO __main__: apartments_button: from_id=765191255
2026-03-29 22:50:40,549 INFO aiogram.event: Update id=236453725 is handled. Duration 187 ms by bot id=8020777762
2026-03-29 22:50:43,735 INFO __main__: commercial_button: from_id=765191255
2026-03-29 22:50:44,417 INFO real_estate_scanner.parser.worker: Broadcast delivered to Telegram: user_id=765191255 olx_id=ID37p3k
2026-03-29 22:50:44,423 INFO aiogram.event: Update id=236453726 is handled. Duration 687 ms by bot id=8020777762
2026-03-29 22:51:52,718 INFO real_estate_scanner.parser.worker: Broadcast delivered to Telegram: user_id=765191255 olx_id=ID4jccx
2026-03-29 22:52:33,249 INFO real_estate_scanner.parser.worker: Broadcast delivered to Telegram: user_id=765191255 olx_id=ID4ja98
2026-03-29 22:52:57,331 INFO aiogram.event: Update id=236453727 is handled. Duration 187 ms by bot id=8020777762
